[2026-07-28T01:44:16] supervisor start label=main seeds=30 ticks=200 rounds=5 mutations=10
[2026-07-28T01:44:16] 
======================================================================
HYPOTHESIS H1  [paradigm: P1_ashby]  (seq 1)
======================================================================
CLAIM      : Ashby's Law binds at the SENSOR, not only the effector. Adding sensor OUTPUT SYMBOLS (a BLIND state meaning 'I could not read this domain') reduces unregulated disturbance more than adding more SENSORS does, because sensors in this ecosystem share a correlated blind spot ($HOME-scoping) and reconciling N co-blind sensors yields the variety of one.
PREDICTION : C_blind_symbol shows a large reduction in undetected_ticks vs A_baseline, while B_more_sensors shows essentially none.
FALSIFIER  : FALSIFIED if C_blind_symbol reduces undetected_ticks by less than 30% vs A_baseline, or if the 95% bootstrap CI spans zero.
METRIC     : undetected_ticks  (lower_better, min effect 0.3)
ARMS       : C_blind_symbol (treatment) vs A_baseline (control)
CONFOUND   : BLIND cures the blind spot with probability blind_cure_p (default 1.0), which hands C a trivial win. C_hostile sets blind_cure_p=0.2 and H1b tests whether the effect survives.
REGISTERED : Tue Jul 28 01:35:02 2026
======================================================================
[2026-07-28T01:44:16] 
======================================================================
HYPOTHESIS H1b  [paradigm: P1_ashby]  (seq 2)
======================================================================
CLAIM      : The BLIND advantage is not an artifact of assuming a BLIND report always fixes the blind spot. It survives a hostile parameterisation where BLIND only leads to a structural fix 20% of the time.
PREDICTION : C_hostile still beats A_baseline on undetected_ticks.
FALSIFIER  : FALSIFIED if C_hostile reduces undetected_ticks by less than 15% vs A_baseline, or the CI spans zero. That would mean the H1 result was an artifact of the cure assumption.
METRIC     : undetected_ticks  (lower_better, min effect 0.15)
ARMS       : C_hostile (treatment) vs A_baseline (control)
REGISTERED : Tue Jul 28 01:35:02 2026
======================================================================
[2026-07-28T01:44:16] 
======================================================================
HYPOTHESIS H2  [paradigm: P1_ashby]  (seq 3)
======================================================================
CLAIM      : More sensors, reconciled, does NOT help when blind spots are correlated -- the queued sensor-agree.sh remedy addresses the wrong invariant.
PREDICTION : B_more_sensors is statistically indistinguishable from A_baseline.
FALSIFIER  : FALSIFIED if B_more_sensors reduces undetected_ticks by 10% or more vs A_baseline with a CI excluding zero. Note this hypothesis predicts a NULL, so it is confirmed by the CI spanning zero -- recorded as INCONCLUSIVE by the judge, which for H2 specifically is the predicted outcome.
METRIC     : undetected_ticks  (lower_better, min effect 0.1)
ARMS       : B_more_sensors (treatment) vs A_baseline (control)
REGISTERED : Tue Jul 28 01:35:02 2026
======================================================================
[2026-07-28T01:44:16] 
======================================================================
HYPOTHESIS H3  [paradigm: P2_perrow]  (seq 4)
======================================================================
CLAIM      : Perrow's corollary -- that adding safety devices to an interactively complex, tightly coupled system makes it worse -- DOES transfer to this ecosystem, contradicting bibliothecaire's normal-accidents brief, which argues it does not because the guards sit outside the control path.
PREDICTION : P_devices (4 sensors that can themselves misfire) is WORSE than A_baseline on attention_wasted_frac.
FALSIFIER  : FALSIFIED if P_devices does not INCREASE attention_wasted_frac by at least 10% vs A_baseline. If falsified, bibliothecaire's brief is vindicated and the disanalogy it claims is real.
METRIC     : attention_wasted_frac  (higher_better, min effect 0.1)
ARMS       : P_devices (treatment) vs A_baseline (control)
REGISTERED : Tue Jul 28 01:35:02 2026
======================================================================
[2026-07-28T01:44:16] 
======================================================================
HYPOTHESIS H4  [paradigm: P2_perrow]  (seq 5)
======================================================================
CLAIM      : Perrow's actual prescription is a COUPLING intervention, not a complexity one: insert slack. Loosening coupling should beat instrumenting, using no new sensors at all.
PREDICTION : P_slack reduces undetected_ticks vs A_baseline.
FALSIFIER  : FALSIFIED if P_slack reduces undetected_ticks by less than 10% vs A_baseline or the CI spans zero. That would mean slack is not a substitute for sensing here.
METRIC     : undetected_ticks  (lower_better, min effect 0.1)
ARMS       : P_slack (treatment) vs A_baseline (control)
REGISTERED : Tue Jul 28 01:35:02 2026
======================================================================
[2026-07-28T01:44:16] 
======================================================================
HYPOTHESIS H5  [paradigm: P3_hayek]  (seq 6)
======================================================================
CLAIM      : Hayek's structural claim -- the centre is missing an input that cannot be sent to it -- means NO improvement to central sensing can be the primary remedy. Local self-repair by the organ that holds circumstance-of-time-and-place knowledge should beat the best central-sensing arm.
PREDICTION : H_local beats C_blind_symbol on undetected_ticks.
FALSIFIER  : FALSIFIED if H_local does not reduce undetected_ticks by at least 10% vs C_blind_symbol. If falsified, central sensing improvement is vindicated over decentralisation AT THIS disturbance regime, which is the honest scope of the claim.
METRIC     : undetected_ticks  (lower_better, min effect 0.1)
ARMS       : H_local (treatment) vs C_blind_symbol (control)
REGISTERED : Tue Jul 28 01:35:02 2026
======================================================================
[2026-07-28T01:44:16] 
======================================================================
HYPOTHESIS H6  [paradigm: P3_hayek]  (seq 7)
======================================================================
CLAIM      : Decentralisation and null-discrimination are COMPLEMENTS, not substitutes: local repair handles what the centre cannot see, BLIND handles what local organs cannot know is systemic.
PREDICTION : H_local_blind beats BOTH H_local and C_blind_symbol.
FALSIFIER  : FALSIFIED if H_local_blind fails to reduce undetected_ticks by at least 5% vs H_local -- i.e. if adding BLIND on top of local repair buys nothing, they are substitutes and the complementarity claim is wrong.
METRIC     : undetected_ticks  (lower_better, min effect 0.05)
ARMS       : H_local_blind (treatment) vs H_local (control)
REGISTERED : Tue Jul 28 01:35:02 2026
======================================================================
[2026-07-28T01:47:50] gen100 [main:baseline] 213.5s :: H1=SUPPO H1b=SUPPO H2=INCON H3=SUPPO H4=FALSI H5=FALSI H6=SUPPO
[2026-07-28T01:51:46] gen101 [main:high_break] 218.8s :: H1=SUPPO H1b=SUPPO H2=INCON H3=SUPPO H4=FALSI H5=SUPPO H6=SUPPO
[2026-07-28T01:53:51] gen102 [main:low_break] 123.9s :: H1=SUPPO H1b=SUPPO H2=INCON H3=SUPPO H4=FALSI H5=FALSI H6=SUPPO
[2026-07-28T01:57:40] gen103 [main:high_drift] 226.4s :: H1=SUPPO H1b=SUPPO H2=INCON H3=SUPPO H4=INCON H5=FALSI H6=SUPPO
[2026-07-28T01:58:56] gen104 [main:no_drift] 73.9s :: H1=SUPPO H1b=SUPPO H2=INCON H3=SUPPO H4=FALSI H5=SUPPO H6=SUPPO
[2026-07-28T02:02:41] gen105 [main:scarce_zach] 220.4s :: H1=SUPPO H1b=SUPPO H2=INCON H3=SUPPO H4=FALSI H5=SUPPO H6=SUPPO
[2026-07-28T02:05:11] gen106 [main:rich_zach] 148.6s :: H1=SUPPO H1b=SUPPO H2=INCON H3=SUPPO H4=FALSI H5=FALSI H6=SUPPO
[2026-07-28T02:06:33] gen107 [main:weak_cure] 81.2s :: H1=SUPPO H1b=SUPPO H2=INCON H3=SUPPO H4=FALSI H5=INCON H6=SUPPO
[2026-07-28T02:08:30] gen108 [main:idea_flood] 99.9s :: H1=SUPPO H1b=SUPPO H2=INCON H3=SUPPO H4=FALSI H5=FALSI H6=SUPPO
[2026-07-28T02:14:19] gen109 [main:tight_quota] 337.5s :: H1=SUPPO H1b=SUPPO H2=INCON H3=SUPPO H4=FALSI H5=FALSI H6=SUPPO
[2026-07-28T02:17:57] gen110 [main:baseline] 173.9s :: H1=SUPPO H1b=SUPPO H2=INCON H3=SUPPO H4=FALSI H5=FALSI H6=SUPPO
[2026-07-28T02:21:19] gen111 [main:high_break] 201.5s :: H1=SUPPO H1b=SUPPO H2=INCON H3=SUPPO H4=FALSI H5=SUPPO H6=SUPPO
[2026-07-28T02:22:14] gen112 [main:low_break] 53.3s :: H1=SUPPO H1b=SUPPO H2=INCON H3=SUPPO H4=FALSI H5=FALSI H6=SUPPO
[2026-07-28T02:23:21] gen113 [main:high_drift] 66.0s :: H1=SUPPO H1b=SUPPO H2=INCON H3=SUPPO H4=INCON H5=FALSI H6=SUPPO
[2026-07-28T02:24:06] gen114 [main:no_drift] 44.1s :: H1=SUPPO H1b=SUPPO H2=INCON H3=SUPPO H4=FALSI H5=SUPPO H6=SUPPO
[2026-07-28T02:25:09] gen115 [main:scarce_zach] 61.3s :: H1=SUPPO H1b=SUPPO H2=INCON H3=SUPPO H4=FALSI H5=SUPPO H6=SUPPO
[2026-07-28T02:28:45] gen116 [main:rich_zach] 194.3s :: H1=SUPPO H1b=SUPPO H2=INCON H3=SUPPO H4=FALSI H5=FALSI H6=SUPPO
[2026-07-28T02:32:46] gen117 [main:weak_cure] 239.3s :: H1=SUPPO H1b=SUPPO H2=INCON H3=SUPPO H4=FALSI H5=INCON H6=SUPPO
[2026-07-28T02:33:28] gen118 [main:idea_flood] 41.3s :: H1=SUPPO H1b=SUPPO H2=INCON H3=SUPPO H4=FALSI H5=FALSI H6=SUPPO
[2026-07-28T02:34:05] gen119 [main:tight_quota] 36.5s :: H1=SUPPO H1b=SUPPO H2=INCON H3=SUPPO H4=FALSI H5=FALSI H6=SUPPO
[2026-07-28T02:34:59] gen120 [main:baseline] 44.0s :: H1=SUPPO H1b=SUPPO H2=INCON H3=SUPPO H4=FALSI H5=FALSI H6=SUPPO
[2026-07-28T02:36:14] gen121 [main:high_break] 73.3s :: H1=SUPPO H1b=SUPPO H2=INCON H3=SUPPO H4=FALSI H5=SUPPO H6=SUPPO
[2026-07-28T02:37:35] gen122 [main:low_break] 80.2s :: H1=SUPPO H1b=SUPPO H2=INCON H3=SUPPO H4=FALSI H5=FALSI H6=SUPPO
[2026-07-28T02:38:28] gen123 [main:high_drift] 48.8s :: H1=SUPPO H1b=SUPPO H2=INCON H3=SUPPO H4=INCON H5=FALSI H6=SUPPO
[2026-07-28T02:39:00] gen124 [main:no_drift] 30.7s :: H1=SUPPO H1b=SUPPO H2=INCON H3=SUPPO H4=FALSI H5=SUPPO H6=SUPPO
[2026-07-28T02:39:31] gen125 [main:scarce_zach] 30.3s :: H1=SUPPO H1b=SUPPO H2=INCON H3=SUPPO H4=FALSI H5=SUPPO H6=SUPPO
[2026-07-28T02:41:35] gen126 [main:rich_zach] 123.9s :: H1=SUPPO H1b=SUPPO H2=INCON H3=SUPPO H4=FALSI H5=FALSI H6=SUPPO
[2026-07-28T02:42:10] gen127 [main:weak_cure] 33.9s :: H1=SUPPO H1b=SUPPO H2=INCON H3=SUPPO H4=FALSI H5=INCON H6=SUPPO
[2026-07-28T02:43:01] gen128 [main:idea_flood] 49.8s :: H1=SUPPO H1b=SUPPO H2=INCON H3=SUPPO H4=FALSI H5=FALSI H6=SUPPO
[2026-07-28T02:43:35] gen129 [main:tight_quota] 32.5s :: H1=SUPPO H1b=SUPPO H2=INCON H3=SUPPO H4=FALSI H5=FALSI H6=SUPPO
[2026-07-28T02:44:36] gen130 [main:baseline] 59.7s :: H1=SUPPO H1b=SUPPO H2=INCON H3=SUPPO H4=FALSI H5=FALSI H6=SUPPO
[2026-07-28T02:45:31] gen131 [main:high_break] 53.6s :: H1=SUPPO H1b=SUPPO H2=INCON H3=SUPPO H4=FALSI H5=SUPPO H6=SUPPO
[2026-07-28T02:46:27] gen132 [main:low_break] 55.3s :: H1=SUPPO H1b=SUPPO H2=INCON H3=SUPPO H4=FALSI H5=FALSI H6=SUPPO
[2026-07-28T02:46:57] gen133 [main:high_drift] 28.7s :: H1=SUPPO H1b=SUPPO H2=INCON H3=SUPPO H4=INCON H5=FALSI H6=SUPPO
[2026-07-28T02:47:48] gen134 [main:no_drift] 49.6s :: H1=SUPPO H1b=SUPPO H2=INCON H3=SUPPO H4=FALSI H5=SUPPO H6=SUPPO
[2026-07-28T02:49:35] gen135 [main:scarce_zach] 106.4s :: H1=SUPPO H1b=SUPPO H2=INCON H3=SUPPO H4=FALSI H5=SUPPO H6=SUPPO
[2026-07-28T02:50:12] gen136 [main:rich_zach] 36.6s :: H1=SUPPO H1b=SUPPO H2=INCON H3=SUPPO H4=FALSI H5=FALSI H6=SUPPO
[2026-07-28T02:50:54] gen137 [main:weak_cure] 40.8s :: H1=SUPPO H1b=SUPPO H2=INCON H3=SUPPO H4=FALSI H5=INCON H6=SUPPO
[2026-07-28T02:52:09] gen138 [main:idea_flood] 71.7s :: H1=SUPPO H1b=SUPPO H2=INCON H3=SUPPO H4=FALSI H5=FALSI H6=SUPPO
[2026-07-28T02:52:39] gen139 [main:tight_quota] 28.8s :: H1=SUPPO H1b=SUPPO H2=INCON H3=SUPPO H4=FALSI H5=FALSI H6=SUPPO
[2026-07-28T02:53:12] gen140 [main:baseline] 31.9s :: H1=SUPPO H1b=SUPPO H2=INCON H3=SUPPO H4=FALSI H5=FALSI H6=SUPPO
[2026-07-28T02:53:57] gen141 [main:high_break] 44.7s :: H1=SUPPO H1b=SUPPO H2=INCON H3=SUPPO H4=FALSI H5=SUPPO H6=SUPPO
[2026-07-28T02:55:20] gen142 [main:low_break] 81.2s :: H1=SUPPO H1b=SUPPO H2=INCON H3=SUPPO H4=FALSI H5=FALSI H6=SUPPO
[2026-07-28T02:56:32] gen143 [main:high_drift] 69.4s :: H1=SUPPO H1b=SUPPO H2=INCON H3=SUPPO H4=INCON H5=FALSI H6=SUPPO
[2026-07-28T02:57:20] gen144 [main:no_drift] 46.0s :: H1=SUPPO H1b=SUPPO H2=INCON H3=SUPPO H4=FALSI H5=SUPPO H6=SUPPO
[2026-07-28T02:58:01] gen145 [main:scarce_zach] 39.6s :: H1=SUPPO H1b=SUPPO H2=INCON H3=SUPPO H4=FALSI H5=SUPPO H6=SUPPO
[2026-07-28T02:58:43] gen146 [main:rich_zach] 35.3s :: H1=SUPPO H1b=SUPPO H2=INCON H3=SUPPO H4=FALSI H5=FALSI H6=SUPPO
[2026-07-28T02:59:48] gen147 [main:weak_cure] 63.7s :: H1=SUPPO H1b=SUPPO H2=INCON H3=SUPPO H4=FALSI H5=INCON H6=SUPPO
[2026-07-28T03:00:36] gen148 [main:idea_flood] 47.3s :: H1=SUPPO H1b=SUPPO H2=INCON H3=SUPPO H4=FALSI H5=FALSI H6=SUPPO
[2026-07-28T03:01:54] gen149 [main:tight_quota] 76.7s :: H1=SUPPO H1b=SUPPO H2=INCON H3=SUPPO H4=FALSI H5=FALSI H6=SUPPO
[2026-07-28T03:01:54] supervisor done label=main generations=50
